// Jest Snapshot v1, https://goo.gl/fbAQLP

exports[`PopOver render with auth check popover rendered 1`] = `ReactWrapper {}`;
